---
source: crates/oac/src/qbe_backend.rs
expression: "format!(\"COMPILATION ERROR\\n\\n{err}\")"
snapshot_kind: text
---
COMPILATION ERROR

[OAC-INV-001] Error: struct invariant verification failed: struct invariant verification failed (SAT counterexamples found):
main#1#0 (caller=main, callee=make_envelope, struct=Envelope, invariant="envelope stays normalized and stable (id=stable_envelope)", witness=cfg_path=b0, bad_ret_temp=%si_bad, qbe_artifact=site_main_1_0.qbe, smt_artifact=site_main_1_0.smt2)
