---
source: crates/oac/src/qbe_backend.rs
expression: "format!(\"COMPILATION ERROR\\n\\n{err}\")"
snapshot_kind: text
---
COMPILATION ERROR

[OAC-RESOLVE-001] Error: failed to resolve/type-check program: missing impl Hash for BadKey required by generic HashTable parameter K in specialization BadTable
