---
source: crates/oac/src/qbe_backend.rs
expression: snapshot_content
snapshot_kind: text
---
COMPILATION ERROR

[OAC-PROVE-001] Error: prove obligation verification failed: integer safety verification failed (SAT counterexamples found):
main#IntVec__get_reversed#i32#.oac_integer_site_i32__sub__stmt_0_match_a_hd969fa99615e701b (root=main, caller=IntVec__get_reversed, op=sub, semantic_type=I32, qbe_artifact=site_main_IntVec__get_reversed_i32__oac_integer_site_i32__sub__stmt_0_match_a_hd969fa99615e701b.qbe, smt_artifact=site_main_IntVec__get_reversed_i32__oac_integer_site_i32__sub__stmt_0_match_a_hd969fa99615e701b.smt2)
main#IntVec__pop#i32#.oac_integer_site_i32__sub__stmt_0_match_a_h1cb1c5b97468e94e (root=main, caller=IntVec__pop, op=sub, semantic_type=I32, qbe_artifact=site_main_IntVec__pop_i32__oac_integer_site_i32__sub__stmt_0_match_a_h1cb1c5b97468e94e.qbe, smt_artifact=site_main_IntVec__pop_i32__oac_integer_site_i32__sub__stmt_0_match_a_h1cb1c5b97468e94e.smt2)
main#IntVec__reserve#i32#.oac_integer_site_i32__add__stmt_2_assign_value (root=main, caller=IntVec__reserve, op=add, semantic_type=I32, qbe_artifact=site_main_IntVec__reserve_i32__oac_integer_site_i32__add__stmt_2_assign_value.qbe, smt_artifact=site_main_IntVec__reserve_i32__oac_integer_site_i32__add__stmt_2_assign_value.smt2)
main#IntVec__set_reversed#i32#.oac_integer_site_i32__sub__stmt_0_match_a_he98109460ce51a50 (root=main, caller=IntVec__set_reversed, op=sub, semantic_type=I32, qbe_artifact=site_main_IntVec__set_reversed_i32__oac_integer_site_i32__sub__stmt_0_match_a_he98109460ce51a50.qbe, smt_artifact=site_main_IntVec__set_reversed_i32__oac_integer_site_i32__sub__stmt_0_match_a_he98109460ce51a50.smt2)
