---
source: crates/oac/src/qbe_backend.rs
expression: "format!(\"COMPILATION ERROR\\n\\n{err}\")"
snapshot_kind: text
---
COMPILATION ERROR

[OAC-INV-001] Error: error[struct-invariant:OAC-INV-001]: struct invariant verification failed: solver returned unknown for UserTable__insert_all_buckets#0#13
