---
source: crates/oac/src/qbe_backend.rs
expression: "format!(\"COMPILATION ERROR\\n\\n{err}\")"
snapshot_kind: text
---
COMPILATION ERROR

[OAC-INV-001] Error: struct invariant verification failed: solver returned unknown for struct invariant obligation IntTable__insert_all_buckets#0#13 (caller=IntTable__insert_all_buckets, callee=IntTable__insert_all_buckets, struct=IntTable, invariant="hashtable metadata and structure must stay coherent (id=coherent_state)", qbe_artifact=site_IntTable__insert_all_buckets_0_13.qbe, smt_artifact=site_IntTable__insert_all_buckets_0_13.smt2). verification is fail-closed until this obligation is proven unsat
