---
source: crates/oac/src/qbe_backend.rs
expression: "format!(\"COMPILATION ERROR\\n\\n{err}\")"
snapshot_kind: text
---
COMPILATION ERROR

[OAC-RESOLVE-001] Error: failed to resolve/type-check program: invariant __struct__Counter__invariant must have signature fun __struct__Counter__invariant(v: Counter) -> Bool
