---
source: crates/oac/src/parser.rs
expression: ast
snapshot_kind: text
---
{
  "imports": [],
  "type_definitions": [],
  "top_level_functions": [
    {
      "name": "main",
      "parameters": [],
      "body": [
        {
          "Assign": {
            "variable": "ch",
            "value": {
              "Call": [
                "Char__from_code",
                [
                  {
                    "Literal": {
                      "Int": 120
                    }
                  }
                ]
              ]
            }
          }
        },
        {
          "Assign": {
            "variable": "nl",
            "value": {
              "Call": [
                "Char__from_code",
                [
                  {
                    "Literal": {
                      "Int": 10
                    }
                  }
                ]
              ]
            }
          }
        },
        {
          "Return": {
            "expr": {
              "Literal": {
                "Int": 0
              }
            }
          }
        }
      ],
      "return_type": "I32",
      "is_comptime": false
    }
  ],
  "tests": [],
  "invariants": [],
  "template_definitions": [],
  "template_instantiations": [],
  "comptime_applies": []
}
