---
source: crates/oac/src/qbe_backend.rs
assertion_line: 2608
expression: "format!(\"COMPILATION ERROR\\n\\n{err}\")"
snapshot_kind: text
---
COMPILATION ERROR

[OAC-INV-001] Error: error[struct-invariant:OAC-INV-001]: struct invariant verification failed: failed to solve struct invariant obligation UserTable__insert_all_buckets#0#13#coherent_state: failed to run z3: failed to send SMT query to z3: Broken pipe (os error 32)
[QBE-SMT-001] Error: qbe-smt error
   ╭─[ invariant-obligation:1:1 ]
   │
   │ 
───╯
